// Jest Snapshot v1, https://goo.gl/fbAQLP

exports[`fetchIndexes it should handle endpoint errors 1`] = `
Object {
  "wrappedIndexes": Array [],
}
`;

exports[`fetchIndexes it should handle errors parsing the search index file 1`] = `
Object {
  "wrappedIndexes": Array [],
}
`;

exports[`fetchIndexes production 1`] = `
Object {
  "wrappedIndexes": Array [
    Object {
      "documents": Array [
        Object {
          "h": "#installation",
          "i": 12,
          "p": 10,
          "t": "Installation",
          "u": "/docusaurus-plugin-search-local/docs/getting-started/",
        },
      ],
      "index": Object {
        "fieldVectors": Array [
          Array [
            "t/12",
            Array [
              0,
              0.981,
            ],
          ],
          Array [
            "t/14",
            Array [
              1,
              0.981,
            ],
          ],
          Array [
            "t/16",
            Array [
              2,
              0.981,
            ],
          ],
        ],
        "fields": Array [
          "t",
        ],
        "invertedIndex": Array [
          Array [
            "hello",
            Object {
              "_index": 1,
              "t": Object {
                "14": Object {
                  "position": Array [
                    Array [
                      0,
                      13,
                    ],
                  ],
                },
              },
            },
          ],
          Array [
            "world",
            Object {
              "_index": 0,
              "t": Object {
                "12": Object {
                  "position": Array [
                    Array [
                      0,
                      12,
                    ],
                  ],
                },
              },
            },
          ],
        ],
        "pipeline": Array [
          "stemmer",
        ],
        "version": "2.3.9",
      },
      "type": 0,
    },
  ],
}
`;

exports[`fetchIndexes production with empty index 1`] = `
Object {
  "wrappedIndexes": Array [],
}
`;
