// Vitest Snapshot v1, https://vitest.dev/guide/snapshot.html

exports[`getGlobalPluginData > it should generate an index hash when enabled 1`] = `
{
  "externalSearchSources": [],
  "highlightSearchTermsOnTargetPage": false,
  "indexHash": "CONSISTENT_HASH",
  "removeDefaultStopWordFilter": false,
  "searchResultContextMaxLength": 50,
  "searchResultLimits": 8,
  "translations": {
    "count_documents_found": "{{ count }} document found",
    "count_documents_found_plural": "{{ count }} documents found",
    "no_documents_were_found": "No documents were found",
    "no_results": "No results.",
    "search_placeholder": "Search",
    "search_results_for": "Search results for "{{ keyword }}"",
    "search_the_documentation": "Search the documentation",
    "see_all_results": "See all results",
  },
}
`;

exports[`getGlobalPluginData > it should only index blog when enabled 1`] = `
{
  "externalSearchSources": [],
  "highlightSearchTermsOnTargetPage": false,
  "indexHash": "CONSISTENT_HASH",
  "removeDefaultStopWordFilter": false,
  "searchResultContextMaxLength": 50,
  "searchResultLimits": 8,
  "translations": {
    "count_documents_found": "{{ count }} document found",
    "count_documents_found_plural": "{{ count }} documents found",
    "no_documents_were_found": "No documents were found",
    "no_results": "No results.",
    "search_placeholder": "Search",
    "search_results_for": "Search results for "{{ keyword }}"",
    "search_the_documentation": "Search the documentation",
    "see_all_results": "See all results",
  },
}
`;

exports[`getGlobalPluginData > it should only index docs when enabled 1`] = `
{
  "externalSearchSources": [],
  "highlightSearchTermsOnTargetPage": false,
  "indexHash": "CONSISTENT_HASH",
  "removeDefaultStopWordFilter": false,
  "searchResultContextMaxLength": 50,
  "searchResultLimits": 8,
  "translations": {
    "count_documents_found": "{{ count }} document found",
    "count_documents_found_plural": "{{ count }} documents found",
    "no_documents_were_found": "No documents were found",
    "no_results": "No results.",
    "search_placeholder": "Search",
    "search_results_for": "Search results for "{{ keyword }}"",
    "search_the_documentation": "Search the documentation",
    "see_all_results": "See all results",
  },
}
`;
